
     Program PWSCF v.7.2 starts on 20Sep2023 at 14:18:51 

     This program is part of the open-source Quantum ESPRESSO suite
     for quantum simulation of materials; please cite
         "P. Giannozzi et al., J. Phys.:Condens. Matter 21 395502 (2009);
         "P. Giannozzi et al., J. Phys.:Condens. Matter 29 465901 (2017);
         "P. Giannozzi et al., J. Chem. Phys. 152 154105 (2020);
          URL http://www.quantum-espresso.org", 
     in publications or presentations arising from this work. More details at
     http://www.quantum-espresso.org/quote

     Parallel version (MPI), running on     1 processors

     MPI processes distributed on     1 nodes
     0 MiB available memory on the printing compute node when the environment starts
 
     Waiting for input...
     Reading input from standard input

     Current dimensions of program PWSCF are:
     Max number of different atomic species (ntypx) = 10
     Max number of k-points (npk) =  40000
     Max angular momentum in pseudopotentials (lmaxx) =  4
 
     Reading input from environ.in:
     * using electronic solvent mode
     * setting boundary derivatives method to SCCS default
     * ignoring &BOUNDARY namelist
     * ignoring &ELECTROSTATIC namelist
     
     file H.pbe-rrkjus.UPF: wavefunction(s)  1S renormalized
     file O.pbe-rrkjus.UPF: wavefunction(s)  2S renormalized
 
     Subspace diagonalization in iterative solution of the eigenvalue problem:
     a serial algorithm will be used

 
     G-vector sticks info
     --------------------
     sticks:   dense  smooth     PW     G-vecs:    dense   smooth      PW
     Sum        2701    2145    545               104943    74773    9315
 
     Using Slab Decomposition
 


     bravais-lattice index     =            0
     lattice parameter (alat)  =      15.0000  a.u.
     unit-cell volume          =    3375.0000 (a.u.)^3
     number of atoms/cell      =            3
     number of atomic types    =            2
     number of electrons       =         8.00
     number of Kohn-Sham states=            4
     kinetic-energy cutoff     =      30.0000  Ry
     charge density cutoff     =     150.0000  Ry
     scf convergence threshold =      1.0E-10
     mixing beta               =       0.4000
     number of iterations used =            8  plain     mixing
     Exchange-correlation= SLA  PW   PBE  PBE
                           (   1   4   3   4   0   0   0)

     ================================================================================
 
                                  Environ Setup Summary

     ================================================================================
 
     Please cite

          O. Andreussi, I. Dabo and N. Marzari, J. Chem. Phys. 136, 064102 (2012)

     in publications or presentations arising from this work.

     ================================================================================
 
     Parameters
     ==========

     compensation onset threshold      =               0.1000E+03

     ================================================================================
 

     celldm(1)=  15.000000  celldm(2)=   0.000000  celldm(3)=   0.000000
     celldm(4)=   0.000000  celldm(5)=   0.000000  celldm(6)=   0.000000

     crystal axes: (cart. coord. in units of alat)
               a(1) = (   1.000000   0.000000   0.000000 )  
               a(2) = (   0.000000   1.000000   0.000000 )  
               a(3) = (   0.000000   0.000000   1.000000 )  

     reciprocal axes: (cart. coord. in units 2 pi/alat)
               b(1) = (  1.000000  0.000000  0.000000 )  
               b(2) = (  0.000000  1.000000  0.000000 )  
               b(3) = (  0.000000  0.000000  1.000000 )  


     PseudoPot. # 1 for H  read from file:
     /Users/olivieroandreussi/PWSCF/qe-7.2/pseudo/H.pbe-rrkjus.UPF
     MD5 check sum: 2d52a7f45632fd764c17cc6affed14c8
     Pseudo is Ultrasoft, Zval =  1.0
     Generated by new atomic code, or converted to UPF format
     Using radial grid of 1061 points,  2 beta functions with: 
                l(1) =   0
                l(2) =   0
     Q(r) pseudized with 0 coefficients 


     PseudoPot. # 2 for O  read from file:
     /Users/olivieroandreussi/PWSCF/qe-7.2/pseudo/O.pbe-rrkjus.UPF
     MD5 check sum: fadcf19ee70a498d3030e2e79cf929a4
     Pseudo is Ultrasoft, Zval =  6.0
     Generated by new atomic code, or converted to UPF format
     Using radial grid of 1269 points,  4 beta functions with: 
                l(1) =   0
                l(2) =   0
                l(3) =   1
                l(4) =   1
     Q(r) pseudized with 0 coefficients 


     atomic species   valence    mass     pseudopotential
        H              1.00     1.00000     H ( 1.00)
        O              6.00    16.00000     O ( 1.00)

     No symmetry found


                                    s                        frac. trans.

      isym =  1     identity                                     

 cryst.   s( 1) = (     1          0          0      )
                  (     0          1          0      )
                  (     0          0          1      )

 cart.    s( 1) = (  1.0000000  0.0000000  0.0000000 )
                  (  0.0000000  1.0000000  0.0000000 )
                  (  0.0000000  0.0000000  1.0000000 )


   Cartesian axes

     site n.     atom                  positions (alat units)
         1           O   tau(   1) = (   0.4526667   0.4700000   0.4333333  )
         2           H   tau(   2) = (   0.5633333   0.4146667   0.4333333  )
         3           H   tau(   3) = (   0.3706667   0.3773333   0.4333333  )

   Crystallographic axes

     site n.     atom                  positions (cryst. coord.)
         1           O   tau(   1) = (  0.4526667  0.4700000  0.4333333  )
         2           H   tau(   2) = (  0.5633333  0.4146667  0.4333333  )
         3           H   tau(   3) = (  0.3706667  0.3773333  0.4333333  )

     number of k points=     1
                       cart. coord. in units 2pi/alat
        k(    1) = (   0.0000000   0.0000000   0.0000000), wk =   2.0000000

                       cryst. coord.
        k(    1) = (   0.0000000   0.0000000   0.0000000), wk =   2.0000000

     Dense  grid:   104943 G-vectors     FFT dimensions: (  60,  60,  60)

     Smooth grid:    74773 G-vectors     FFT dimensions: (  54,  54,  54)

     Dynamical RAM for                 wfc:       0.57 MB

     Dynamical RAM for     wfc (w. buffer):       0.57 MB

     Dynamical RAM for           str. fact:       3.20 MB

     Dynamical RAM for           local pot:       0.00 MB

     Dynamical RAM for          nlocal pot:       1.71 MB

     Dynamical RAM for                qrad:       0.56 MB

     Dynamical RAM for          rho,v,vnew:       9.75 MB

     Dynamical RAM for               rhoin:       3.25 MB

     Dynamical RAM for            rho*nmix:      25.62 MB

     Dynamical RAM for           G-vectors:       6.58 MB

     Dynamical RAM for          h,s,v(r/c):       0.00 MB

     Dynamical RAM for          <psi|beta>:       0.00 MB

     Dynamical RAM for      wfcinit/wfcrot:       1.72 MB

     Dynamical RAM for           addusdens:      72.06 MB

     Dynamical RAM for          addusforce:      76.06 MB

     Estimated static dynamical RAM per process >      38.67 MB

     Estimated max dynamical RAM per process >     140.35 MB

     Initial potential from superposition of free atoms

     starting charge       7.8076, renormalised to       8.0000

     negative rho (up, down):  3.788E-04 0.000E+00
     Starting wfcs are    6 randomized atomic wfcs

     total cpu time spent up to now is        0.8 secs

     Self-consistent Calculation

     iteration #  1     ecut=    30.00 Ry     beta= 0.40
     CG style diagonalization

---- Real-time Memory Report at c_bands before calling an iterative solver
             0 MiB given to the printing process from OS
             0 MiB allocation reported by mallinfo(arena+hblkhd)
             0 MiB available memory on the node where the printing process lives
------------------
     ethr =  1.00E-02,  avg # of iterations =  3.0

     negative rho (up, down):  4.389E-04 0.000E+00

     add environment contribution to local potential

     total cpu time spent up to now is        1.0 secs

     total energy              =     -34.22043343 Ry
     estimated scf accuracy    <       0.68040322 Ry
     correction to one-el term =       0.00000000 Ry

     iteration #  2     ecut=    30.00 Ry     beta= 0.40
     CG style diagonalization

---- Real-time Memory Report at c_bands before calling an iterative solver
             0 MiB given to the printing process from OS
             0 MiB allocation reported by mallinfo(arena+hblkhd)
             0 MiB available memory on the node where the printing process lives
------------------
     ethr =  8.51E-03,  avg # of iterations =  3.8

     negative rho (up, down):  4.862E-04 0.000E+00

     add environment contribution to local potential

     total cpu time spent up to now is        1.2 secs

     total energy              =     -34.27738398 Ry
     estimated scf accuracy    <       0.09817750 Ry
     correction to one-el term =       0.00000000 Ry

     iteration #  3     ecut=    30.00 Ry     beta= 0.40
     CG style diagonalization

---- Real-time Memory Report at c_bands before calling an iterative solver
             0 MiB given to the printing process from OS
             0 MiB allocation reported by mallinfo(arena+hblkhd)
             0 MiB available memory on the node where the printing process lives
------------------
     ethr =  1.23E-03,  avg # of iterations =  3.0

     negative rho (up, down):  4.975E-03 0.000E+00

     add environment contribution to local potential

     total cpu time spent up to now is        1.3 secs

     total energy              =     -34.26479856 Ry
     estimated scf accuracy    <       0.02872352 Ry
     correction to one-el term =       0.00000000 Ry

     iteration #  4     ecut=    30.00 Ry     beta= 0.40
     CG style diagonalization

---- Real-time Memory Report at c_bands before calling an iterative solver
             0 MiB given to the printing process from OS
             0 MiB allocation reported by mallinfo(arena+hblkhd)
             0 MiB available memory on the node where the printing process lives
------------------
     ethr =  3.59E-04,  avg # of iterations =  3.2

     negative rho (up, down):  4.531E-03 0.000E+00

     add environment contribution to local potential

     total cpu time spent up to now is        1.5 secs

     total energy              =     -34.26757478 Ry
     estimated scf accuracy    <       0.00091050 Ry
     correction to one-el term =       0.00000000 Ry

     iteration #  5     ecut=    30.00 Ry     beta= 0.40
     CG style diagonalization

---- Real-time Memory Report at c_bands before calling an iterative solver
             0 MiB given to the printing process from OS
             0 MiB allocation reported by mallinfo(arena+hblkhd)
             0 MiB available memory on the node where the printing process lives
------------------
     ethr =  1.14E-05,  avg # of iterations =  4.2

     negative rho (up, down):  9.912E-03 0.000E+00

     add environment contribution to local potential

     total cpu time spent up to now is        1.7 secs

     total energy              =     -34.26786885 Ry
     estimated scf accuracy    <       0.00024427 Ry
     correction to one-el term =       0.00000000 Ry

     iteration #  6     ecut=    30.00 Ry     beta= 0.40
     CG style diagonalization

---- Real-time Memory Report at c_bands before calling an iterative solver
             0 MiB given to the printing process from OS
             0 MiB allocation reported by mallinfo(arena+hblkhd)
             0 MiB available memory on the node where the printing process lives
------------------
     ethr =  3.05E-06,  avg # of iterations =  3.8

     negative rho (up, down):  9.842E-03 0.000E+00

     add environment contribution to local potential

     total cpu time spent up to now is        1.9 secs

     total energy              =     -34.26789665 Ry
     estimated scf accuracy    <       0.00002354 Ry
     correction to one-el term =       0.00000000 Ry

     iteration #  7     ecut=    30.00 Ry     beta= 0.40
     CG style diagonalization

---- Real-time Memory Report at c_bands before calling an iterative solver
             0 MiB given to the printing process from OS
             0 MiB allocation reported by mallinfo(arena+hblkhd)
             0 MiB available memory on the node where the printing process lives
------------------
     ethr =  2.94E-07,  avg # of iterations =  3.2

     negative rho (up, down):  1.006E-02 0.000E+00

     add environment contribution to local potential

     total cpu time spent up to now is        2.1 secs

     total energy              =     -34.26789560 Ry
     estimated scf accuracy    <       0.00000687 Ry
     correction to one-el term =       0.00000000 Ry

     iteration #  8     ecut=    30.00 Ry     beta= 0.40
     CG style diagonalization

---- Real-time Memory Report at c_bands before calling an iterative solver
             0 MiB given to the printing process from OS
             0 MiB allocation reported by mallinfo(arena+hblkhd)
             0 MiB available memory on the node where the printing process lives
------------------
     ethr =  8.59E-08,  avg # of iterations =  3.5

     negative rho (up, down):  1.004E-02 0.000E+00

     add environment contribution to local potential

     total cpu time spent up to now is        2.3 secs

     total energy              =     -34.26789688 Ry
     estimated scf accuracy    <       0.00000018 Ry
     correction to one-el term =       0.00000000 Ry

     iteration #  9     ecut=    30.00 Ry     beta= 0.40
     CG style diagonalization

---- Real-time Memory Report at c_bands before calling an iterative solver
             0 MiB given to the printing process from OS
             0 MiB allocation reported by mallinfo(arena+hblkhd)
             0 MiB available memory on the node where the printing process lives
------------------
     ethr =  2.31E-09,  avg # of iterations =  3.5

     negative rho (up, down):  1.004E-02 0.000E+00

     add environment contribution to local potential

     total cpu time spent up to now is        2.5 secs

     total energy              =     -34.26789687 Ry
     estimated scf accuracy    <       0.00000018 Ry
     correction to one-el term =       0.00000000 Ry

     iteration # 10     ecut=    30.00 Ry     beta= 0.40
     CG style diagonalization

---- Real-time Memory Report at c_bands before calling an iterative solver
             0 MiB given to the printing process from OS
             0 MiB allocation reported by mallinfo(arena+hblkhd)
             0 MiB available memory on the node where the printing process lives
------------------
     ethr =  2.24E-09,  avg # of iterations =  3.8

     negative rho (up, down):  1.005E-02 0.000E+00

     add environment contribution to local potential

     total cpu time spent up to now is        2.7 secs

     total energy              =     -34.26789687 Ry
     estimated scf accuracy    <       0.00000015 Ry
     correction to one-el term =       0.00000000 Ry

     iteration # 11     ecut=    30.00 Ry     beta= 0.40
     CG style diagonalization

---- Real-time Memory Report at c_bands before calling an iterative solver
             0 MiB given to the printing process from OS
             0 MiB allocation reported by mallinfo(arena+hblkhd)
             0 MiB available memory on the node where the printing process lives
------------------
     ethr =  1.88E-09,  avg # of iterations =  3.5

     negative rho (up, down):  1.006E-02 0.000E+00

     add environment contribution to local potential

     total cpu time spent up to now is        2.8 secs

     total energy              =     -34.26789686 Ry
     estimated scf accuracy    <       0.00000020 Ry
     correction to one-el term =       0.00000000 Ry

     iteration # 12     ecut=    30.00 Ry     beta= 0.40
     CG style diagonalization

---- Real-time Memory Report at c_bands before calling an iterative solver
             0 MiB given to the printing process from OS
             0 MiB allocation reported by mallinfo(arena+hblkhd)
             0 MiB available memory on the node where the printing process lives
------------------
     ethr =  1.88E-09,  avg # of iterations =  3.0

     negative rho (up, down):  1.006E-02 0.000E+00

     add environment contribution to local potential

     total cpu time spent up to now is        3.0 secs

     total energy              =     -34.26789684 Ry
     estimated scf accuracy    <       0.00000010 Ry
     correction to one-el term =       0.00000000 Ry

     iteration # 13     ecut=    30.00 Ry     beta= 0.40
     CG style diagonalization

---- Real-time Memory Report at c_bands before calling an iterative solver
             0 MiB given to the printing process from OS
             0 MiB allocation reported by mallinfo(arena+hblkhd)
             0 MiB available memory on the node where the printing process lives
------------------
     ethr =  1.25E-09,  avg # of iterations =  3.0

     negative rho (up, down):  1.006E-02 0.000E+00

     add environment contribution to local potential

     total cpu time spent up to now is        3.3 secs

     total energy              =     -34.26789684 Ry
     estimated scf accuracy    <       0.00000004 Ry
     correction to one-el term =       0.00000000 Ry

     iteration # 14     ecut=    30.00 Ry     beta= 0.40
     CG style diagonalization

---- Real-time Memory Report at c_bands before calling an iterative solver
             0 MiB given to the printing process from OS
             0 MiB allocation reported by mallinfo(arena+hblkhd)
             0 MiB available memory on the node where the printing process lives
------------------
     ethr =  4.92E-10,  avg # of iterations =  3.0

     negative rho (up, down):  1.006E-02 0.000E+00

     add environment contribution to local potential

     total cpu time spent up to now is        3.5 secs

     total energy              =     -34.26789683 Ry
     estimated scf accuracy    <       0.00000002 Ry
     correction to one-el term =       0.00000000 Ry

     iteration # 15     ecut=    30.00 Ry     beta= 0.40
     CG style diagonalization

---- Real-time Memory Report at c_bands before calling an iterative solver
             0 MiB given to the printing process from OS
             0 MiB allocation reported by mallinfo(arena+hblkhd)
             0 MiB available memory on the node where the printing process lives
------------------
     ethr =  2.27E-10,  avg # of iterations =  4.0

     negative rho (up, down):  1.005E-02 0.000E+00

     add environment contribution to local potential

     total cpu time spent up to now is        3.7 secs

     total energy              =     -34.26789684 Ry
     estimated scf accuracy    <          1.0E-10 Ry
     correction to one-el term =       0.00000000 Ry

     iteration # 16     ecut=    30.00 Ry     beta= 0.40
     CG style diagonalization

---- Real-time Memory Report at c_bands before calling an iterative solver
             0 MiB given to the printing process from OS
             0 MiB allocation reported by mallinfo(arena+hblkhd)
             0 MiB available memory on the node where the printing process lives
------------------
     ethr =  1.30E-12,  avg # of iterations =  4.5

     negative rho (up, down):  1.005E-02 0.000E+00

     total cpu time spent up to now is        3.9 secs

     End of self-consistent calculation

          k = 0.0000 0.0000 0.0000 (  9315 PWs)   bands (ev):

   -24.9415 -12.8142  -8.9673  -6.9522

     occupation numbers 
     1.0000   1.0000   1.0000   1.0000

     highest occupied level (ev):    -6.9522

!    total energy              =     -34.26789684 Ry
     estimated scf accuracy    <          8.2E-11 Ry

     The total energy is the sum of the following terms:
     one-electron contribution =     -57.88176029 Ry
     hartree contribution      =      30.43218908 Ry
     xc contribution           =      -8.38548349 Ry
     ewald contribution        =       1.56715787 Ry
     correction to one-el term =       0.00000000 Ry

     convergence has been achieved in  16 iterations
     The dielectric solvent contribution to forces
     atom    1 type  2   force =     0.00000000    0.00000000    0.00000000
     atom    2 type  1   force =     0.00000000    0.00000000    0.00000000
     atom    3 type  1   force =     0.00000000    0.00000000    0.00000000
 

     Forces acting on atoms (cartesian axes, Ry/au):

     atom    1 type  2   force =     0.00339767   -0.01324201    0.00000000
     atom    2 type  1   force =    -0.01437997    0.00420048   -0.00000000
     atom    3 type  1   force =     0.01098230    0.00904152   -0.00000000
     The non-local contrib.  to forces
     atom    1 type  2   force =     0.47520131   -2.44319828    0.00000001
     atom    2 type  1   force =    -0.17605638    0.07937645   -0.00000000
     atom    3 type  1   force =     0.13362363    0.13937817    0.00000000
     The ionic contribution  to forces
     atom    1 type  2   force =    -0.80035872    4.13423896   -0.00000000
     atom    2 type  1   force =     3.30938804   -1.50347073   -0.00000000
     atom    3 type  1   force =    -2.50902931   -2.63076823   -0.00000000
     The local contribution  to forces
     atom    1 type  2   force =     0.32896016   -1.70374088   -0.00000001
     atom    2 type  1   force =    -3.14730749    1.42884488   -0.00000000
     atom    3 type  1   force =     2.38679046    2.50098136    0.00000000
     The core correction contribution to forces
     atom    1 type  2   force =     0.00000000    0.00000000    0.00000000
     atom    2 type  1   force =     0.00000000    0.00000000    0.00000000
     atom    3 type  1   force =     0.00000000    0.00000000    0.00000000
     The Hubbard contrib.    to forces
     atom    1 type  2   force =     0.00000000    0.00000000    0.00000000
     atom    2 type  1   force =     0.00000000    0.00000000    0.00000000
     atom    3 type  1   force =     0.00000000    0.00000000    0.00000000
     The SCF correction term to forces
     atom    1 type  2   force =    -0.00000205    0.00000936    0.00000001
     atom    2 type  1   force =    -0.00000110    0.00000104    0.00000000
     atom    3 type  1   force =     0.00000056    0.00000138   -0.00000000

     Total force =     0.024773     Total SCF correction =     0.000010

     Writing all to output data dir /Users/olivieroandreussi/PWSCF/qe-7.2/tempdir/h2o.save/
 
     init_run     :      0.29s CPU      0.33s WALL (       1 calls)
     electrons    :      2.80s CPU      3.14s WALL (       1 calls)
     forces       :      0.06s CPU      0.06s WALL (       1 calls)

     Called by init_run:
     wfcinit      :      0.02s CPU      0.03s WALL (       1 calls)
     wfcinit:atom :      0.00s CPU      0.00s WALL (       1 calls)
     wfcinit:wfcr :      0.02s CPU      0.02s WALL (       1 calls)
     potinit      :      0.07s CPU      0.09s WALL (       1 calls)
     hinit0       :      0.10s CPU      0.11s WALL (       1 calls)

     Called by electrons:
     c_bands      :      0.58s CPU      0.60s WALL (      16 calls)
     sum_band     :      0.69s CPU      0.74s WALL (      16 calls)
     v_of_rho     :      0.86s CPU      0.97s WALL (      17 calls)
     v_h          :      0.05s CPU      0.06s WALL (      17 calls)
     v_xc         :      0.81s CPU      0.91s WALL (      17 calls)
     newd         :      0.44s CPU      0.50s WALL (      17 calls)
     mix_rho      :      0.23s CPU      0.28s WALL (      16 calls)

     Called by c_bands:
     init_us_2    :      0.02s CPU      0.03s WALL (      33 calls)
     init_us_2:cp :      0.02s CPU      0.03s WALL (      33 calls)
     ccgdiagg     :      0.42s CPU      0.44s WALL (      16 calls)
     wfcrot       :      0.16s CPU      0.17s WALL (      16 calls)

     Called by sum_band:
     sum_band:wei :      0.00s CPU      0.00s WALL (      16 calls)
     sum_band:loo :      0.09s CPU      0.09s WALL (      16 calls)
     sum_band:buf :      0.00s CPU      0.00s WALL (      16 calls)
     sum_band:ini :      0.01s CPU      0.01s WALL (      16 calls)
     sum_band:cal :      0.00s CPU      0.00s WALL (      16 calls)
     sum_band:bec :      0.00s CPU      0.00s WALL (      16 calls)
     addusdens    :      0.54s CPU      0.59s WALL (      16 calls)
                                        0.00s GPU  (      16 calls)
     addusd:skk   :      0.01s CPU      0.01s WALL (      32 calls)
                                        0.00s GPU  (      32 calls)

     Called by *cgdiagg:
     h_psi        :      0.52s CPU      0.53s WALL (     180 calls)
     s_psi        :      0.03s CPU      0.03s WALL (     344 calls)

     Called by h_psi:
     h_psi:calbec :      0.02s CPU      0.02s WALL (     180 calls)
     vloc_psi     :      0.48s CPU      0.49s WALL (     180 calls)
     add_vuspsi   :      0.02s CPU      0.02s WALL (     180 calls)
     hs_1psi      :      0.38s CPU      0.39s WALL (     164 calls)
     s_1psi       :      0.03s CPU      0.03s WALL (     164 calls)

     General routines
     calbec       :      0.03s CPU      0.03s WALL (     364 calls)
     fft          :      0.22s CPU      0.22s WALL (     221 calls)
     ffts         :      0.03s CPU      0.03s WALL (      33 calls)
     fftw         :      0.44s CPU      0.44s WALL (     524 calls)
     interpolate  :      0.05s CPU      0.06s WALL (      17 calls)
 
     Parallel routines
 
     Environ routines
 
     PWSCF        :      3.56s CPU      3.98s WALL

 
   This run was terminated on:  14:18:55  20Sep2023            

=------------------------------------------------------------------------------=
   JOB DONE.
=------------------------------------------------------------------------------=
